// Jest Snapshot v1, https://jestjs.io/docs/snapshot-testing

exports[`DSL render spine (bzh.7 steel thread) renderDsl produces exact committed bytes (spine correctness) 1`] = `"[38;2;224;224;224;48;2;30;30;30m src [0m[38;2;30;30;30;48;2;60;56;54m[0m[38;2;251;241;199;48;2;60;56;54m ⌗0a1b2c3d [0m[38;2;60;56;54m[0m"`;
